// Jest Snapshot v1, https://goo.gl/fbAQLP

exports[`<SingleItem /> errors with a not found item 1`] = `
<p
  data-test="graphql-error"
>
  <strong>
    Shoot!
  </strong>
  Item not found
</p>
`;

exports[`<SingleItem /> redners with proper data 1`] = `
<h2>
  Viewing 
  dogs are best
</h2>
`;
