// Jest Snapshot v1, https://goo.gl/fbAQLP

exports[`<TakeMyMoney/> renders and matches snapshot 1`] = `
<ReactStripeCheckout
  ComponentClass="span"
  amount={15000}
  className="StripeCheckout"
  currency="USD"
  description="Order of 3 items!"
  email="Delmer.Smith@yahoo.com"
  image="dog-small.jpg"
  label="Pay With Card"
  locale="auto"
  name="Piotr's sklep"
  reconfigureOnUpdate={false}
  stripeKey="pk_test_QocZdYgo2uMglCzXUTeos00q00YwPSlJd8"
  token={[Function]}
  triggerEvent="onClick"
>
  <span
    onClick={[Function]}
  >
    <p>
      Children
    </p>
  </span>
</ReactStripeCheckout>
`;
